O O O O O O O O O B-day O O O B-arrive
O O O O O O B-depart
O B-people O O O
O B-depart I-depart O B-leave
O O O O O B-depart O B-leave
O O O O B-day O O
O O O O O O O O O O B-depart I-depart I-depart
O O O O O O B-leave
O O O O O O B-dest O
O O B-depart O B-day
O O O O O O B-arrive O
O O B-people O O
O O O O B-dest O O O O O O O O O B-arrive
O O O B-depart
O O O B-dest O B-depart O B-day
O O O O O O O O O O O O
O O O O O B-arrive O
O O O B-depart I-depart I-depart O
B-day O O B-dest O O
O O O O O B-dest O O O B-arrive
O O O O B-people O
O O O B-day O O O O O B-leave
O O O O O B-arrive O
O O O O O O O B-arrive O B-day O
O O O B-depart I-depart I-depart O B-dest
O O O O O O B-dest B-arrive O O O
O O O O O B-day
O O O O O B-depart O B-leave O
O B-dest I-dest O B-day
O O O O O B-day O O B-depart
O O O B-people O O O O O O
O O O O O O O O B-dest I-dest I-dest O O O B-leave O
O B-day
O O O O O O O O O B-depart O B-day
O O O O O O O O O O
O O O O B-depart
B-dest I-dest I-dest
B-day O O O O O O
O B-people O O O O O
O O O B-depart I-depart O I-depart O
O O O O B-day
O O O O O O O O B-depart O B-day
O O O O O O B-depart O B-day O
O O O O O O O O O B-dest O B-arrive O
O O B-day B-dest O
O O O O O O B-depart O
O O O O O B-dest
O O O O O B-depart O B-day
B-people O O O O O O O O O
O O B-depart O B-dest O
O O B-leave O
O O O B-people O
O O O O O O O B-depart O B-dest I-dest O O O O O O O
B-people O O O O O
O O B-dest I-dest I-dest O O O O O O B-arrive
O O O O O O B-dest
O O O O O B-depart O B-day O B-leave
O O O O B-depart
O O O O O O O O B-depart O B-day
O O O O O O B-dest O O O
O O O O O O B-depart
O O O O B-dest I-dest I-dest O O O
O O O O O O B-dest
O O O O B-depart O
B-day
O O O O O O O O B-leave I-leave O O O
O O O O O O O O O O B-depart O B-dest O
O O O B-leave O O O O O
O O O B-dest I-dest O O O B-depart
O O O O O B-dest O O
O O O O O O O O O O B-leave O B-dest O
O O O O O O O B-people O O
O O O B-depart O B-dest O
O O O O O B-day O
O O O O O O B-arrive
O O O B-people O
O O O O O O B-day
O O B-leave O O O O
B-people B-people B-people B-people
O O O O B-depart O B-day O B-arrive O
O O O O O O B-arrive
O O O O O O O O O O B-depart
O O O O O O O O B-dest I-dest I-dest O O O O B-day
O O O B-depart O O O O O O O B-arrive
O O O O O O B-depart O O O
O O O O O O O O O O O B-day O O
O O O O O O B-depart B-day O
O O O O O B-dest I-dest
O O O O O O O O O B-depart I-depart O O B-dest
O O O B-day O B-dest
O O O B-dest O
O B-day O
O O O O O O O B-arrive O
O O O O B-depart O B-dest
O B-day
O O O O O O O O O O B-leave
O O O O O O O O B-people O O
O O O O O O B-depart
O O O O O B-leave O O O O B-dest
O O O O O B-people O O O O
O B-arrive B-day
O O B-depart O O O
O O O O O O O O B-day O O B-depart I-depart O O O B-dest O B-arrive
O O O O O O O O
O O O O O O O B-dest I-dest I-dest O O O B-leave O
O O O O O O B-leave O B-depart
B-dest O I-dest I-dest O
O O O O O O B-day
O O O O O O O B-day O O B-leave I-leave
O O O O B-dest I-dest
O O O O O O O O O B-arrive
O O O O O O B-day
B-dest O I-dest I-dest O B-day O O
O O O O O O O O B-depart
O O O O O B-dest I-dest O O O O B-arrive O
O O O O O B-day
O O O O B-dest I-dest O B-day O O O O O B-arrive O
O O O O O O B-people O O O O O O O O
O O B-depart
O O O B-dest I-dest I-dest O O B-depart
O O O O O O O O O O O O O O O O O O O O O O O O O O O O O O O O O O O O O O O O O O O O O O O O O O O O O O O O O O O O O O O
O B-leave O B-depart O O
O O O O O O O B-dest O B-leave O
O O O O O O B-day O
B-day
O O O O B-dest O B-depart O O B-leave
B-day
O O O O O B-dest I-dest I-dest O O O B-leave
O O O O B-depart B-day
O O O O O B-depart
O O O O O B-dest
O O O O O O B-arrive
O O B-day O
O O O O O B-arrive
O O O O B-dest
B-depart O B-day
O O B-day O O B-leave O
O O O O O B-day O O O O O O O O O O O O O O O O
O O O O O B-leave
O B-people
B-depart O B-dest
O O O O O B-arrive
O O O B-people O
O O O O O O O O B-dest O O O B-day
O O O O O O B-depart
O O O O O O O B-dest I-dest O O O O O O O O O O O
O O O O O B-day O
O O O O O B-leave O
O O O O O B-people O O O O O B-day O B-arrive O O O B-dest O O B-depart O
O O O O O B-day O B-arrive
O O O O O O B-day O B-leave O
O O O O O B-dest
O O O O B-dest B-day
O B-people O O
O O O O O O O O B-depart O O O B-dest O B-arrive O
O O O O O B-depart I-depart I-depart O O B-day O
O O O O O B-arrive O
O O O O O B-day
O O O O O O O O O B-people O O O
O O O O O O B-dest O O B-depart
O O O O B-dest
O O O O O B-depart
O O O O O B-leave O O O B-dest
O O O B-depart O O O B-dest O O
O O O O O O O O O B-arrive O O O O B-dest
O O O O O B-day O B-depart
O O O O O O B-dest O
O O O O O O O B-dest
O O O O O O O B-depart O
O O O O B-depart I-depart I-depart O B-dest O O O
O O O B-people O
O O O O O O O O O B-dest I-dest B-dest O
O O O O O O B-day
O O O O O B-day O O B-depart O B-dest O
O O O B-leave O O O O O
O O O O O O O B-depart O B-dest O
O O O O O B-day O
O O O O O O O B-dest
O O O B-people O O O O O B-leave O
O O O O O B-leave I-leave O B-day
O O O B-dest O
O O O O O B-depart I-depart I-depart
O O O B-leave O O O O O
O O O O O O O O O O O B-depart O O O B-dest B-dest O O O
O O O O O B-depart O
O O O O O B-day O B-arrive
O O O O O O O B-dest O O
O O O O O O O O O O B-dest I-dest I-dest O B-day O
O O O O O B-arrive O
O O O O O O O B-depart O O O B-dest O B-arrive
O O O O O O B-day O O O O
O O O O O O B-depart O B-dest O
O O B-people O O O O O O
O O O O B-dest
O O B-depart I-depart O O O O O O B-dest O
O O O O O O B-day O O O O B-leave
O O O O O O O O O O O O O B-day O
B-day O O O O
O O O O O B-arrive O O O O O
O O O O O O O B-dest
O O O O O O B-depart O B-day O O O O O O
O O B-depart O O O O O B-leave
O O O O O B-day O O B-depart I-depart
O O O O B-day O
O O B-day O O O B-depart O B-dest
O O O O O O B-dest I-dest I-dest O B-day O
O O O O B-leave O B-depart
O O O B-dest
O O O O O B-dest O B-depart
O O O O O B-people O O O O O O
O O O O O O O B-leave
O O O B-depart I-depart B-day O O O B-dest
O O O O O O O O O O O O O O B-people O O
O O O O O O B-leave O O O B-dest I-dest I-dest
O O O O O O O O B-dest O B-arrive
O O O O O O O B-depart O B-dest O
O O O O O O B-depart O B-day O
O O O B-dest
O O O O O O O O B-arrive
O O O B-people O
O O O O O B-dest O B-depart O B-day O
O O O O O O B-leave O
O O O O B-depart
O O O O O O B-leave
O O O O O O O O B-depart O O
O O O O O O O O B-depart I-depart I-depart O B-day O O O B-dest O
O O O O O O O B-dest O
O O O O O O O O O B-depart I-depart O
O O O O O O O B-day
O O O O B-leave
O O O O B-depart
O O O O B-day O B-depart O
O O O O O B-dest
O O O O O O B-depart O O O O O B-leave
O O O O B-day
O O O O O O B-depart O B-dest
O O O O O O B-day O O O B-arrive O
O O O O O B-dest O O B-day
O O O O B-depart I-depart
O O O B-depart O I-depart O
B-dest O
O O O O B-depart I-depart I-depart O B-day O B-leave O
O O O O O O B-leave O O
O O O O B-day O
O O O O O O O O B-people O O O O
O B-people
O O O O O B-day O
O B-dest O
O O O O B-depart O O O
O O O O O B-day O O O B-arrive
B-depart B-dest O
O O O O O O O O B-people O O O O O O O O O
O O O O O B-depart O B-day
O O O O O O B-leave
O O O B-leave O O O O O O O O B-arrive
O O O O O O O O B-day O O O O O O B-arrive
O O O O O B-depart O
O O O O O B-dest I-dest
O B-dest O O B-depart I-depart I-depart I-depart
O O O O O O O O O O B-depart O B-dest O
O O O O O B-day
O O O O O B-depart O B-dest O
B-day O O B-leave O
O O O O O B-depart O B-leave B-day O
O O O O O O B-dest O B-day
O B-day O
O O O O O B-arrive O
O O O O O O O B-day O O O O B-arrive O
O O O B-depart O O B-dest I-dest I-dest O
O O O O O O O O B-day O O B-depart O
O O O O O O B-leave
O O O O O O O B-dest O O
O O O O O O O O O B-day
O O O B-dest O O O O O B-leave
O O O O O O O B-depart I-depart I-depart O O O B-day
O O O O O O B-depart I-depart I-depart O B-day O
O O O O O B-arrive
O O O O O O O O O B-dest O O O O
O O O O O O B-day O O O B-arrive O
O O O O O O O O O B-day O O O B-leave O
O O O O B-depart O O O O O O B-dest I-dest
O O O O O B-leave
O O B-depart I-depart I-depart O B-leave O
O O O O B-people O O
O O O O O O O B-depart I-depart I-depart O O B-arrive
O O O B-dest
O O O O O B-people O O B-leave O
O O O O O O B-depart
O O O O O O B-day O
O O O B-arrive O
O O O O O O O O B-depart O B-day O
O O B-dest O
O O O O O O O B-leave O O O
O O O O O O O B-depart I-depart O O B-dest
B-day O
O O O O O O O B-arrive
O O O O O B-depart I-depart I-depart O B-dest O
O O O O O B-day
O O O O O O B-depart
O O O O O B-dest O B-day O
O O O O O O B-leave O
