O O O O O O O O O B-day O O O B-arrive I-arrive I-arrive
O O O O O B-depart I-depart
O B-people O
O O O O O O O O I-depart O B-leave I-leave I-leave
O O O O O O O B-depart O B-leave I-leave I-leave
O O O O O O O B-day O
O O O O O O B-depart I-depart I-depart O O O
O O O O O O O O B-leave I-leave
O O O O O O O O B-dest
O O O O O B-depart I-depart I-depart O B-day
O O O O O O O B-arrive O
O O O O O O O B-people
O O O O O O B-dest O O O B-arrive
O O O O B-depart I-depart
O O O B-dest O B-depart O B-day
O O O O O O O O O B-leave I-leave I-leave
O O O O O B-arrive I-arrive O
O O O O O O O O B-depart I-depart I-depart
O O O O O O O B-dest O B-day
O O O O O B-dest O O O O B-arrive
O O O O O B-people O
O O O O O B-day O O O O O B-leave I-leave
O O O O O B-arrive I-arrive
O O O O O O O O O B-arrive O B-day
O O O O B-depart I-depart I-depart O O O B-dest
O O O O O O B-dest O B-arrive I-arrive O
O O O O O O O B-day
O O O O O B-depart O B-leave I-leave
O O O O O B-dest I-dest O B-day
O O O O O O O B-depart O B-day
O O O B-people O O O O O
O O O O O O O O B-dest I-dest I-dest O O O B-leave I-leave
O O O O O O B-day
O O O O O O O O O B-depart O B-day
O O O O O B-dest O O O O
O O O O O B-depart
O O O O O B-dest I-dest I-dest
B-day O O O O O O O O
O O B-people O O
O O O O O B-depart I-depart I-depart
O O O O B-day
O O O O O O O O O O O B-depart O B-day
O O O O O B-dest I-dest I-dest O O O O O B-leave I-leave
O O O O B-depart O B-day O O
O O O O O O O O O O O O O B-dest O B-arrive I-arrive I-arrive
O O O O O O O O B-dest I-dest I-dest O O O B-day
O O O O O O O O B-depart I-depart
O O O O O O B-dest O B-day
O O O O O B-depart O B-day
O O O O O O B-people O
O O O O B-depart O O B-dest I-dest I-dest
O O O O O O O B-leave I-leave I-leave
O O O O B-people O O
O O O O O O O O O B-depart O B-dest I-dest
O B-people O O
O O O O O O B-dest I-dest I-dest O O O B-arrive
O O O O O O O O O B-dest
O O O O O O O O B-depart I-depart I-depart O B-leave I-leave I-leave I-leave O B-day
O O O O O O O O O B-depart
O O O O O O O B-day O B-depart
O O O O O O O O B-dest O O O O
O O O O O O B-depart
O O O O O B-dest I-dest I-dest O O
O O O O O O O O B-dest O
O O O O B-depart O
O O O O O B-day
O O O O O B-leave I-leave O
O O O O O O O O O O B-depart O B-dest
O O O O O O O O O O O O O O O O B-leave I-leave O
O O O O O O O B-depart O O B-dest I-dest I-dest
O O O O O B-dest
O B-leave I-leave I-leave O O O O B-dest
O O O O O O O O O O B-people O
O O O O O B-depart O B-dest I-dest O
O O O O O O B-day
O O O O O B-arrive
O O O O B-people O O
O O O O O O B-day
O O O O O O B-leave I-leave
O O O O O O B-people O
O O O O O O O O O O B-depart O B-dest I-dest I-dest O B-day O B-arrive B-arrive B-arrive
O O O O O O O O O B-day O O O B-arrive I-arrive
O O O O O B-depart O O O O
O O O O O O O O B-dest I-dest I-dest O O O O B-day
O O O B-depart O O O O O O O B-arrive I-arrive
O O O O O B-depart O O O O
O O O O O O O B-day
O O O O O O O O B-depart O B-day
O O O O O B-dest
O O O O O O O O O B-depart I-depart O O B-dest
O O O O O O B-day O B-dest I-dest
O O O O O O O O B-dest I-dest O
O O O O O B-day
O O O O O O B-arrive
O O O O B-dest O B-depart
O O O O O O O B-day
O O O O O O B-leave I-leave
O O O O O O O O O B-people O
O O O O O O O B-depart I-depart O B-day
O O O O O B-leave O O O O B-dest
O O O O O B-arrive I-arrive I-arrive
O O O O O B-people O
O O O O O B-day O O O O B-arrive
O O O O O B-depart O B-leave I-leave
O O O O O O O O B-day O O O B-depart I-depart O O B-dest O B-arrive I-arrive I-arrive
O O O O O O O O O O O O O O O B-arrive I-arrive I-arrive O O O O
O O O O O O O B-dest I-dest I-dest O O O O O B-leave I-leave
O O O O O O O B-depart O B-leave I-leave I-leave
O O O O O O B-dest I-dest I-dest
O O O O O O B-day
O O O O O B-day O O B-leave I-leave
O O O O B-dest
O O O O B-arrive I-arrive I-arrive
O O O O O O B-day
O B-dest I-dest I-dest O B-day
O O O O O O O O B-depart
O O O O O B-dest I-dest I-dest O O O O B-arrive I-arrive I-arrive
O O O O O O B-day
O O O O B-dest I-dest I-dest I-dest B-day O O O O O O B-arrive I-arrive I-arrive
O O O O O O B-dest O O B-day
O O O O O O B-people O O O O O O O
O O O O O B-depart
O O O O O O B-dest I-dest I-dest O O O B-depart
O O O O O B-day O B-leave
O O O O O O B-depart I-depart O O O B-leave I-leave
O O O O O O O O O B-leave I-leave O O O B-dest
O O O O O O B-day
O O O O O O O O O B-day
O O O O O B-dest O O B-depart O B-leave I-leave I-leave
O O O O O B-day
O O O O O O B-dest I-dest I-dest O O O B-leave I-leave I-leave
O O O O O B-depart O B-day
O O O O O O O O B-depart I-depart
O O O O O B-dest
O O O O O O B-arrive
O O O O O B-day
O O O O O O O B-dest O B-arrive I-arrive
O O O O O B-dest
O O O O O B-depart O B-day
O O O O O O B-leave I-leave I-leave
O O O O O B-day O O B-leave I-leave I-leave
O O O O O O O O O O B-dest B-day O
O O O O O B-leave
O O B-people
O O O O O B-depart O B-dest
O O O O O O O O B-arrive I-arrive
O O O O O B-people O
O O O O O O O O O B-day O B-dest
O O O O O O O B-depart
O O O O O B-dest I-dest I-dest O
O O O O O O B-day
O O O O O O B-leave I-leave
O O O O O O O O B-people O O O B-day O O O B-depart O O O B-arrive I-arrive O B-dest
O O O O O B-day O O O O O B-arrive I-arrive
O O O O O O O B-day O B-leave I-leave I-leave
O O O O O B-dest
O O O O O O B-dest O B-day
O B-people O
O O O O O O O O O B-depart O O O B-dest O B-arrive I-arrive I-arrive I-arrive
O O O O O O B-depart I-depart I-depart O O B-day
O O O O O B-arrive
O O O O O B-day
O O O O O O O O O B-people O O
O O O O O O B-dest O O B-depart
O O O B-dest I-dest
O O O O O O B-depart
O O O O O B-leave I-leave O O O O B-dest
O O O O O B-depart O B-dest
O O O O O O O O O O B-arrive I-arrive O O O O B-dest
O O O O O B-day O B-depart
O O O O O O O B-dest O
O O O O O O O O B-dest
O O O O O B-depart I-depart
O O O O O B-depart I-depart I-depart O B-dest
O O O O O B-leave O
O O O O B-people O O
O O O O O O O O O B-dest I-dest O
O O O O O B-day
O O O O O O O B-day O B-depart O B-dest
O O O O O B-leave I-leave I-leave O O O O O O O
O O O O O O B-depart O B-dest
O O O O O B-day
O O O O O O O O O B-dest
O O O B-people O O O O O O O O B-leave I-leave
O O O O O B-leave I-leave I-leave I-leave I-leave O B-day
O O O O O B-dest
O O O O O B-depart I-depart I-depart
O O O O O O O O B-leave
O O O O O B-depart O O O B-dest I-dest O O O O O B-day
O O O O O O B-depart
O O O O B-day O O O O O B-arrive I-arrive I-arrive
O O O O O O O O B-dest I-dest O
O O O O O O O O O O O B-dest I-dest I-dest O B-day
O O O O O O B-arrive I-arrive I-arrive
O O O O O O O O B-depart O O O B-dest O B-arrive I-arrive I-arrive
O O O O O O O B-day O O O O
O O O O O O O O O O O B-depart O O O O B-dest
O O O O O B-people O O O O O O O O O O
O O O O O B-dest
O O O B-depart I-depart O O O O O O B-dest
O O O O O O B-day O O O O O B-leave I-leave
O O O O O O O O O O O B-day
O O O O O O B-day
O O O O O B-arrive I-arrive I-arrive O O O O
O O O O O O B-depart O B-dest
O O O O O O O O O O B-dest I-dest
O O O O O O B-depart O B-day O O O O O O O
O O O B-depart O O O O O O B-leave
O O O O B-day O O B-depart I-depart
O O O O O B-day
O O O O B-day O B-depart I-depart O O O O O O B-dest
O O O O O O B-dest I-dest I-dest O B-day
O O O O O O O B-depart O B-leave
O O O O B-dest
O O O O O B-dest O B-depart
O O O O O B-people O O O O O O
O O O O O O O O B-leave I-leave I-leave
O O O O B-depart I-depart I-depart B-day O O O B-dest
O O O O O O O O O O O B-people O
O O O O O O B-dest I-dest I-dest O O O O O O B-leave
O O O O O O O O O O B-dest O B-arrive I-arrive I-arrive
O O O O O O O B-depart O B-dest
O O O O O O B-depart O B-day
O O O O O B-dest
O O O O O O O O O B-arrive
O O O O B-people O
O O O O O O B-dest O B-depart O B-day
O O O O O O B-leave O
O O O O O B-depart I-depart
O O O O O O O B-leave I-leave
O O O O O O O O O B-depart O O O
O O O O O O O O B-depart I-depart I-depart O O O O O B-dest
O O O O O B-dest
O O O O O O O B-depart I-depart
O O O O O O O B-day
O O O O O O B-leave I-leave
O O O O O B-depart
O O O O O B-day O B-depart
O O O O O O O B-dest I-dest
O O O O O O B-depart O O O O O B-leave
O O O O O B-day
O O O O O O B-depart O B-dest
O O O O O O B-day O O O O O B-arrive I-arrive I-arrive
O O O O O O B-dest O O O B-day
O O O O O B-depart I-depart I-depart
O O O O O O O O O B-depart I-depart I-depart
O O O O O O B-dest O B-day O B-arrive I-arrive I-arrive
O O O B-depart I-depart I-depart O B-day O B-leave I-leave
O O O O O O B-leave O
O O O O B-day O O O B-dest
O O O O O O B-people O O
O O B-people O
O O O O O B-day
O B-dest
O O O O O O B-depart O B-dest O
O O O O O O B-day O O O B-arrive I-arrive I-arrive
O O O O O B-depart O B-dest
O O O O O O O O B-people O O O O O O O O
O O O O O B-depart O B-day
O O O O O O B-leave I-leave O
O O O B-leave O O O O O O O O B-arrive
O O O O O O O O B-day O O O O O O O B-arrive I-arrive I-arrive
O O O O O B-depart O
O O O O O B-dest I-dest I-dest
O O O O O B-dest O O O O O B-depart I-depart I-depart
O O O O O O O O B-depart O B-dest I-dest
O O O O O B-day
O O O O O O B-depart O B-dest I-dest I-dest
O B-day O B-leave I-leave
O O O O O O O O B-depart O B-leave I-leave I-leave I-leave O B-day
O O O O O O O B-dest O B-day
O O O O O O O B-day
O O O O O O B-arrive I-arrive I-arrive
O O O O O O O B-day O O O O B-arrive
O O O B-depart O O B-dest I-dest I-dest
O O O O O O O B-day O O O B-depart
O O O O O O B-leave I-leave
O O O O O O O O O B-dest O O O O O O
O O O O O O O O O O B-day
O O O O B-dest O O O O O B-leave I-leave I-leave
O O O O O O O B-depart I-depart I-depart O O O B-day
O O O O O O B-depart I-depart I-depart O O
O O O O O B-arrive I-arrive I-arrive
O O O O O O O B-depart O B-dest
O O O O O O B-day O O O B-arrive I-arrive
O O O O O O O B-day O O O B-leave I-leave I-leave I-leave
O O O O O B-depart O O O O O O B-dest I-dest
O O O O O B-leave
O O O O O B-depart I-depart I-depart O B-leave
O O O O B-people O
O O O O O O O B-depart I-depart I-depart O O O B-arrive I-arrive
O O O O O B-dest
O O O O O O B-leave O B-people O
O O O O O O B-depart
O O O O O O O B-day
O O O O O O O B-arrive I-arrive I-arrive
O O O O O O O O B-depart O B-day
O O O O O B-dest O O
O O O O O B-leave I-leave I-leave
O O O O O O O O B-depart I-depart O O O B-dest
O O O O O B-day
O O O O O O O O B-arrive
O O O O O B-depart I-depart I-depart O B-dest
O O O O O O B-day
O O O O O O O O O O B-depart
O O O O O O B-dest O B-day
O O O O O O O B-leave I-leave
